2019/02/13 07:36:22 [notice] 7#7: *2 "^/api/" does not match "/gamebet/list", client: 172.29.0.1, server: , request: "GET /gamebet/list HTTP/1.1", host: "localhost:9192", referrer: "http://localhost:9192/current_user_info"
2019/02/13 07:36:22 [notice] 7#7: *2 "^/api/" does not match "/gamebet/list", client: 172.29.0.1, server: , request: "GET /gamebet/list HTTP/1.1", host: "localhost:9192", referrer: "http://localhost:9192/current_user_info"
2019/02/13 07:36:34 [notice] 7#7: *2 "^/api/" does not match "/", client: 172.29.0.1, server: , request: "GET / HTTP/1.1", host: "localhost:9192", referrer: "http://localhost:9192/current_user_info"
2019/02/13 07:36:34 [notice] 7#7: *2 "^/api/" does not match "/", client: 172.29.0.1, server: , request: "GET / HTTP/1.1", host: "localhost:9192", referrer: "http://localhost:9192/current_user_info"
2019/02/13 07:36:43 [notice] 7#7: *2 "^/api/" does not match "/captcha/default?OYE7kCbz", client: 172.29.0.1, server: , request: "GET /captcha/default?OYE7kCbz HTTP/1.1", host: "localhost:9192", referrer: "http://localhost:9192/"
2019/02/13 07:36:43 [notice] 7#7: *2 "^/api/" does not match "/captcha/default?OYE7kCbz", client: 172.29.0.1, server: , request: "GET /captcha/default?OYE7kCbz HTTP/1.1", host: "localhost:9192", referrer: "http://localhost:9192/"
2019/02/13 07:36:43 [notice] 7#7: *7 "^/api/" does not match "/socket.io/?EIO=3&transport=polling&t=MZboLOU", client: 172.29.0.1, server: , request: "GET /socket.io/?EIO=3&transport=polling&t=MZboLOU HTTP/1.1", host: "localhost:9192", referrer: "http://localhost:9192/"
2019/02/13 07:36:43 [notice] 7#7: *6 "^/api/" does not match "/socket.io/?EIO=3&transport=polling&t=MZboLOY", client: 172.29.0.1, server: , request: "GET /socket.io/?EIO=3&transport=polling&t=MZboLOY HTTP/1.1", host: "localhost:9192", referrer: "http://localhost:9192/"
2019/02/13 07:36:44 [notice] 7#7: *6 "^/api/" does not match "/socket.io/?EIO=3&transport=polling&t=MZboLUQ&sid=qNBqa7MmAzq_g9w0AAAA", client: 172.29.0.1, server: , request: "GET /socket.io/?EIO=3&transport=polling&t=MZboLUQ&sid=qNBqa7MmAzq_g9w0AAAA HTTP/1.1", host: "localhost:9192", referrer: "http://localhost:9192/"
2019/02/13 07:36:44 [notice] 7#7: *7 "^/api/" does not match "/socket.io/?EIO=3&transport=polling&t=MZboLUV&sid=JtJtruyJutR0hZ2rAAAB", client: 172.29.0.1, server: , request: "GET /socket.io/?EIO=3&transport=polling&t=MZboLUV&sid=JtJtruyJutR0hZ2rAAAB HTTP/1.1", host: "localhost:9192", referrer: "http://localhost:9192/"
2019/02/13 07:36:44 [notice] 7#7: *10 "^/api/" does not match "/socket.io/?EIO=3&transport=websocket&sid=qNBqa7MmAzq_g9w0AAAA", client: 172.29.0.1, server: , request: "GET /socket.io/?EIO=3&transport=websocket&sid=qNBqa7MmAzq_g9w0AAAA HTTP/1.1", host: "localhost:9192"
2019/02/13 07:36:44 [notice] 7#7: *14 "^/api/" does not match "/socket.io/?EIO=3&transport=websocket&sid=JtJtruyJutR0hZ2rAAAB", client: 172.29.0.1, server: , request: "GET /socket.io/?EIO=3&transport=websocket&sid=JtJtruyJutR0hZ2rAAAB HTTP/1.1", host: "localhost:9192"
2019/02/13 07:37:03 [notice] 7#7: *2 "^/api/" matches "/api/login", client: 172.29.0.1, server: , request: "POST /api/login HTTP/1.1", host: "localhost:9192", referrer: "http://localhost:9192/"
2019/02/13 07:37:03 [notice] 7#7: *2 "^/api/" matches "/api/login", client: 172.29.0.1, server: , request: "POST /api/login HTTP/1.1", host: "localhost:9192", referrer: "http://localhost:9192/"
2019/02/13 07:37:03 [error] 7#7: *2 connect() failed (111: Connection refused) while connecting to upstream, client: 172.29.0.1, server: , request: "POST /api/login HTTP/1.1", upstream: "fastcgi://172.29.0.5:9001", host: "localhost:9192", referrer: "http://localhost:9192/"
2019/02/13 07:37:05 [notice] 7#7: *2 "^/api/" matches "/api/login", client: 172.29.0.1, server: , request: "POST /api/login HTTP/1.1", host: "localhost:9192", referrer: "http://localhost:9192/"
2019/02/13 07:37:05 [notice] 7#7: *2 "^/api/" matches "/api/login", client: 172.29.0.1, server: , request: "POST /api/login HTTP/1.1", host: "localhost:9192", referrer: "http://localhost:9192/"
2019/02/13 07:37:05 [error] 7#7: *2 connect() failed (111: Connection refused) while connecting to upstream, client: 172.29.0.1, server: , request: "POST /api/login HTTP/1.1", upstream: "fastcgi://172.29.0.5:9001", host: "localhost:9192", referrer: "http://localhost:9192/"
2019/02/13 07:51:18 [notice] 7#7: *1 "^/api/" does not match "/socket.io/?EIO=3&transport=polling&t=MZbrgpJ", client: 172.29.0.1, server: , request: "GET /socket.io/?EIO=3&transport=polling&t=MZbrgpJ HTTP/1.1", host: "localhost:9192", referrer: "http://localhost:9192/"
2019/02/13 07:51:18 [notice] 7#7: *2 "^/api/" does not match "/socket.io/?EIO=3&transport=polling&t=MZbrgpM", client: 172.29.0.1, server: , request: "GET /socket.io/?EIO=3&transport=polling&t=MZbrgpM HTTP/1.1", host: "localhost:9192", referrer: "http://localhost:9192/"
2019/02/13 07:51:18 [notice] 6#6: *5 "^/api/" does not match "/socket.io/?EIO=3&transport=websocket&sid=DmOipMD2aDCVIUUVAAAA", client: 172.29.0.1, server: , request: "GET /socket.io/?EIO=3&transport=websocket&sid=DmOipMD2aDCVIUUVAAAA HTTP/1.1", host: "localhost:9192"
2019/02/13 07:51:18 [notice] 7#7: *1 "^/api/" does not match "/socket.io/?EIO=3&transport=polling&t=MZbrgqR&sid=DmOipMD2aDCVIUUVAAAA", client: 172.29.0.1, server: , request: "GET /socket.io/?EIO=3&transport=polling&t=MZbrgqR&sid=DmOipMD2aDCVIUUVAAAA HTTP/1.1", host: "localhost:9192", referrer: "http://localhost:9192/"
2019/02/13 07:51:18 [notice] 6#6: *8 "^/api/" does not match "/socket.io/?EIO=3&transport=polling&t=MZbrgrH&sid=LRS2GgPwDvY8dQHBAAAB", client: 172.29.0.1, server: , request: "GET /socket.io/?EIO=3&transport=polling&t=MZbrgrH&sid=LRS2GgPwDvY8dQHBAAAB HTTP/1.1", host: "localhost:9192", referrer: "http://localhost:9192/"
2019/02/13 07:51:18 [notice] 7#7: *2 "^/api/" does not match "/socket.io/?EIO=3&transport=polling&t=MZbrgrF&sid=LRS2GgPwDvY8dQHBAAAB", client: 172.29.0.1, server: , request: "POST /socket.io/?EIO=3&transport=polling&t=MZbrgrF&sid=LRS2GgPwDvY8dQHBAAAB HTTP/1.1", host: "localhost:9192", referrer: "http://localhost:9192/"
2019/02/13 07:51:18 [notice] 7#7: *11 "^/api/" does not match "/socket.io/?EIO=3&transport=websocket&sid=LRS2GgPwDvY8dQHBAAAB", client: 172.29.0.1, server: , request: "GET /socket.io/?EIO=3&transport=websocket&sid=LRS2GgPwDvY8dQHBAAAB HTTP/1.1", host: "localhost:9192"
2019/02/13 07:51:33 [notice] 6#6: *8 "^/api/" does not match "/", client: 172.29.0.1, server: , request: "GET / HTTP/1.1", host: "localhost:9192", referrer: "http://localhost:9192/current_user_info"
2019/02/13 07:51:33 [notice] 6#6: *8 "^/api/" does not match "/", client: 172.29.0.1, server: , request: "GET / HTTP/1.1", host: "localhost:9192", referrer: "http://localhost:9192/current_user_info"
2019/02/13 07:51:48 [notice] 7#7: *1 "^/api/" does not match "/css/app.css?id=a7dbb163ca920b765e15", client: 172.29.0.1, server: , request: "GET /css/app.css?id=a7dbb163ca920b765e15 HTTP/1.1", host: "localhost:9192", referrer: "http://localhost:9192/"
2019/02/13 07:51:48 [notice] 6#6: *8 "^/api/" does not match "/js/app.js?id=c71f92487d39339c3d30", client: 172.29.0.1, server: , request: "GET /js/app.js?id=c71f92487d39339c3d30 HTTP/1.1", host: "localhost:9192", referrer: "http://localhost:9192/"
2019/02/13 07:51:48 [notice] 7#7: *2 "^/api/" does not match "/css/login/login.css?id=82ed46708d39c1ee74d6", client: 172.29.0.1, server: , request: "GET /css/login/login.css?id=82ed46708d39c1ee74d6 HTTP/1.1", host: "localhost:9192", referrer: "http://localhost:9192/"
2019/02/13 07:51:48 [notice] 7#7: *14 "^/api/" does not match "/js/block-ui/jquery.blockUI.js?id=73a1435220f33aceff1c", client: 172.29.0.1, server: , request: "GET /js/block-ui/jquery.blockUI.js?id=73a1435220f33aceff1c HTTP/1.1", host: "localhost:9192", referrer: "http://localhost:9192/"
2019/02/13 07:51:48 [notice] 7#7: *15 "^/api/" does not match "/_debugbar/assets/stylesheets?v=1514120712", client: 172.29.0.1, server: , request: "GET /_debugbar/assets/stylesheets?v=1514120712 HTTP/1.1", host: "localhost:9192", referrer: "http://localhost:9192/"
2019/02/13 07:51:48 [notice] 7#7: *15 "^/api/" does not match "/_debugbar/assets/stylesheets?v=1514120712", client: 172.29.0.1, server: , request: "GET /_debugbar/assets/stylesheets?v=1514120712 HTTP/1.1", host: "localhost:9192", referrer: "http://localhost:9192/"
2019/02/13 07:51:48 [notice] 7#7: *16 "^/api/" does not match "/js/common/common.js?id=c958a9fa5dbf2cb44b70", client: 172.29.0.1, server: , request: "GET /js/common/common.js?id=c958a9fa5dbf2cb44b70 HTTP/1.1", host: "localhost:9192", referrer: "http://localhost:9192/"
2019/02/13 07:51:48 [notice] 7#7: *1 "^/api/" does not match "/js/user/login.js?id=b8b453a6d291876828a5", client: 172.29.0.1, server: , request: "GET /js/user/login.js?id=b8b453a6d291876828a5 HTTP/1.1", host: "localhost:9192", referrer: "http://localhost:9192/"
2019/02/13 07:51:48 [notice] 7#7: *2 "^/api/" does not match "/images/GTi-logo.png", client: 172.29.0.1, server: , request: "GET /images/GTi-logo.png HTTP/1.1", host: "localhost:9192", referrer: "http://localhost:9192/"
2019/02/13 07:51:48 [notice] 7#7: *14 "^/api/" does not match "/captcha/default?VsskJIGb", client: 172.29.0.1, server: , request: "GET /captcha/default?VsskJIGb HTTP/1.1", host: "localhost:9192", referrer: "http://localhost:9192/"
2019/02/13 07:51:48 [notice] 7#7: *14 "^/api/" does not match "/captcha/default?VsskJIGb", client: 172.29.0.1, server: , request: "GET /captcha/default?VsskJIGb HTTP/1.1", host: "localhost:9192", referrer: "http://localhost:9192/"
2019/02/13 07:51:48 [notice] 6#6: *8 "^/api/" does not match "/_debugbar/assets/javascript?v=1514120712", client: 172.29.0.1, server: , request: "GET /_debugbar/assets/javascript?v=1514120712 HTTP/1.1", host: "localhost:9192", referrer: "http://localhost:9192/"
2019/02/13 07:51:48 [notice] 7#7: *2 "^/api/" does not match "/socket.io/?EIO=3&transport=polling&t=MZbroMf", client: 172.29.0.1, server: , request: "GET /socket.io/?EIO=3&transport=polling&t=MZbroMf HTTP/1.1", host: "localhost:9192", referrer: "http://localhost:9192/"
2019/02/13 07:51:48 [notice] 7#7: *1 "^/api/" does not match "/socket.io/?EIO=3&transport=polling&t=MZbroMk", client: 172.29.0.1, server: , request: "GET /socket.io/?EIO=3&transport=polling&t=MZbroMk HTTP/1.1", host: "localhost:9192", referrer: "http://localhost:9192/"
2019/02/13 07:51:48 [notice] 6#6: *8 "^/api/" does not match "/_debugbar/assets/javascript?v=1514120712", client: 172.29.0.1, server: , request: "GET /_debugbar/assets/javascript?v=1514120712 HTTP/1.1", host: "localhost:9192", referrer: "http://localhost:9192/"
2019/02/13 07:51:49 [notice] 6#6: *22 "^/api/" does not match "/socket.io/?EIO=3&transport=websocket&sid=LYOCcYJDq3eVGX3hAAAC", client: 172.29.0.1, server: , request: "GET /socket.io/?EIO=3&transport=websocket&sid=LYOCcYJDq3eVGX3hAAAC HTTP/1.1", host: "localhost:9192"
2019/02/13 07:51:49 [notice] 7#7: *1 "^/api/" does not match "/socket.io/?EIO=3&transport=polling&t=MZbroNh&sid=LYOCcYJDq3eVGX3hAAAC", client: 172.29.0.1, server: , request: "GET /socket.io/?EIO=3&transport=polling&t=MZbroNh&sid=LYOCcYJDq3eVGX3hAAAC HTTP/1.1", host: "localhost:9192", referrer: "http://localhost:9192/"
2019/02/13 07:51:49 [notice] 7#7: *2 "^/api/" does not match "/socket.io/?EIO=3&transport=polling&t=MZbroPc&sid=X1zamRC976li-FuzAAAD", client: 172.29.0.1, server: , request: "GET /socket.io/?EIO=3&transport=polling&t=MZbroPc&sid=X1zamRC976li-FuzAAAD HTTP/1.1", host: "localhost:9192", referrer: "http://localhost:9192/"
2019/02/13 07:51:49 [notice] 7#7: *25 "^/api/" does not match "/socket.io/?EIO=3&transport=websocket&sid=X1zamRC976li-FuzAAAD", client: 172.29.0.1, server: , request: "GET /socket.io/?EIO=3&transport=websocket&sid=X1zamRC976li-FuzAAAD HTTP/1.1", host: "localhost:9192"
2019/02/13 07:52:10 [notice] 7#7: *14 "^/api/" does not match "/images/manage-icon.jpg", client: 172.29.0.1, server: , request: "GET /images/manage-icon.jpg HTTP/1.1", host: "localhost:9192", referrer: "http://localhost:9192/"
2019/02/13 07:52:33 [notice] 7#7: *14 "^/api/" matches "/api/login", client: 172.29.0.1, server: , request: "POST /api/login HTTP/1.1", host: "localhost:9192", referrer: "http://localhost:9192/"
2019/02/13 07:52:33 [notice] 7#7: *14 "^/api/" matches "/api/login", client: 172.29.0.1, server: , request: "POST /api/login HTTP/1.1", host: "localhost:9192", referrer: "http://localhost:9192/"
2019/02/13 07:52:33 [error] 7#7: *14 connect() failed (111: Connection refused) while connecting to upstream, client: 172.29.0.1, server: , request: "POST /api/login HTTP/1.1", upstream: "fastcgi://172.29.0.5:9001", host: "localhost:9192", referrer: "http://localhost:9192/"
2019/02/13 07:55:38 [notice] 6#6: *1 "^/api/" does not match "/socket.io/?EIO=3&transport=polling&t=MZbsgHv", client: 172.29.0.1, server: , request: "GET /socket.io/?EIO=3&transport=polling&t=MZbsgHv HTTP/1.1", host: "localhost:9192", referrer: "http://localhost:9192/"
2019/02/13 07:55:38 [error] 6#6: *1 connect() failed (111: Connection refused) while connecting to upstream, client: 172.29.0.1, server: , request: "GET /socket.io/?EIO=3&transport=polling&t=MZbsgHv HTTP/1.1", upstream: "http://172.29.0.2:6001/socket.io/?EIO=3&transport=polling&t=MZbsgHv", host: "localhost:9192", referrer: "http://localhost:9192/"
2019/02/13 07:55:38 [notice] 6#6: *3 "^/api/" does not match "/socket.io/?EIO=3&transport=polling&t=MZbsfY_", client: 172.29.0.1, server: , request: "GET /socket.io/?EIO=3&transport=polling&t=MZbsfY_ HTTP/1.1", host: "localhost:9192", referrer: "http://localhost:9192/"
2019/02/13 07:55:38 [error] 6#6: *3 connect() failed (111: Connection refused) while connecting to upstream, client: 172.29.0.1, server: , request: "GET /socket.io/?EIO=3&transport=polling&t=MZbsfY_ HTTP/1.1", upstream: "http://172.29.0.2:6001/socket.io/?EIO=3&transport=polling&t=MZbsfY_", host: "localhost:9192", referrer: "http://localhost:9192/"
2019/02/13 07:55:41 [notice] 6#6: *3 "^/api/" does not match "/socket.io/?EIO=3&transport=polling&t=MZbsh4s", client: 172.29.0.1, server: , request: "GET /socket.io/?EIO=3&transport=polling&t=MZbsh4s HTTP/1.1", host: "localhost:9192", referrer: "http://localhost:9192/"
2019/02/13 07:55:41 [notice] 7#7: *6 "^/api/" does not match "/socket.io/?EIO=3&transport=websocket&sid=sHsRdYel1ZHZ0sueAAAA", client: 172.29.0.1, server: , request: "GET /socket.io/?EIO=3&transport=websocket&sid=sHsRdYel1ZHZ0sueAAAA HTTP/1.1", host: "localhost:9192"
2019/02/13 07:55:41 [notice] 6#6: *3 "^/api/" does not match "/socket.io/?EIO=3&transport=polling&t=MZbsh5c&sid=sHsRdYel1ZHZ0sueAAAA", client: 172.29.0.1, server: , request: "GET /socket.io/?EIO=3&transport=polling&t=MZbsh5c&sid=sHsRdYel1ZHZ0sueAAAA HTTP/1.1", host: "localhost:9192", referrer: "http://localhost:9192/"
2019/02/13 07:55:43 [notice] 6#6: *3 "^/api/" does not match "/socket.io/?EIO=3&transport=polling&t=MZbshW7", client: 172.29.0.1, server: , request: "GET /socket.io/?EIO=3&transport=polling&t=MZbshW7 HTTP/1.1", host: "localhost:9192", referrer: "http://localhost:9192/"
2019/02/13 07:55:43 [notice] 7#7: *10 "^/api/" does not match "/socket.io/?EIO=3&transport=websocket&sid=8kDwseeQjM6h4o34AAAB", client: 172.29.0.1, server: , request: "GET /socket.io/?EIO=3&transport=websocket&sid=8kDwseeQjM6h4o34AAAB HTTP/1.1", host: "localhost:9192"
2019/02/13 07:55:43 [notice] 6#6: *3 "^/api/" does not match "/socket.io/?EIO=3&transport=polling&t=MZbshWU&sid=8kDwseeQjM6h4o34AAAB", client: 172.29.0.1, server: , request: "POST /socket.io/?EIO=3&transport=polling&t=MZbshWU&sid=8kDwseeQjM6h4o34AAAB HTTP/1.1", host: "localhost:9192", referrer: "http://localhost:9192/"
2019/02/13 07:55:43 [notice] 6#6: *1 "^/api/" does not match "/socket.io/?EIO=3&transport=polling&t=MZbshWV&sid=8kDwseeQjM6h4o34AAAB", client: 172.29.0.1, server: , request: "GET /socket.io/?EIO=3&transport=polling&t=MZbshWV&sid=8kDwseeQjM6h4o34AAAB HTTP/1.1", host: "localhost:9192", referrer: "http://localhost:9192/"
2019/02/13 07:56:00 [notice] 6#6: *1 "^/api/" does not match "/", client: 172.29.0.1, server: , request: "GET / HTTP/1.1", host: "localhost:9192", referrer: "http://localhost:9192/current_user_info"
2019/02/13 07:56:00 [notice] 6#6: *1 "^/api/" does not match "/", client: 172.29.0.1, server: , request: "GET / HTTP/1.1", host: "localhost:9192", referrer: "http://localhost:9192/current_user_info"
2019/02/13 07:56:12 [notice] 6#6: *1 "^/api/" does not match "/captcha/default?cUnxVsAm", client: 172.29.0.1, server: , request: "GET /captcha/default?cUnxVsAm HTTP/1.1", host: "localhost:9192", referrer: "http://localhost:9192/"
2019/02/13 07:56:12 [notice] 6#6: *1 "^/api/" does not match "/captcha/default?cUnxVsAm", client: 172.29.0.1, server: , request: "GET /captcha/default?cUnxVsAm HTTP/1.1", host: "localhost:9192", referrer: "http://localhost:9192/"
2019/02/13 07:56:12 [notice] 6#6: *3 "^/api/" does not match "/socket.io/?EIO=3&transport=polling&t=MZbsolq", client: 172.29.0.1, server: , request: "GET /socket.io/?EIO=3&transport=polling&t=MZbsolq HTTP/1.1", host: "localhost:9192", referrer: "http://localhost:9192/"
2019/02/13 07:56:12 [notice] 7#7: *16 "^/api/" does not match "/socket.io/?EIO=3&transport=polling&t=MZbsolu", client: 172.29.0.1, server: , request: "GET /socket.io/?EIO=3&transport=polling&t=MZbsolu HTTP/1.1", host: "localhost:9192", referrer: "http://localhost:9192/"
2019/02/13 07:56:12 [notice] 7#7: *16 "^/api/" does not match "/socket.io/?EIO=3&transport=polling&t=MZbsomV&sid=lso1XQT_Nn7-norzAAAC", client: 172.29.0.1, server: , request: "GET /socket.io/?EIO=3&transport=polling&t=MZbsomV&sid=lso1XQT_Nn7-norzAAAC HTTP/1.1", host: "localhost:9192", referrer: "http://localhost:9192/"
2019/02/13 07:56:12 [notice] 6#6: *3 "^/api/" does not match "/socket.io/?EIO=3&transport=polling&t=MZbsomd&sid=U3lRjw71KTlZdO8FAAAD", client: 172.29.0.1, server: , request: "GET /socket.io/?EIO=3&transport=polling&t=MZbsomd&sid=U3lRjw71KTlZdO8FAAAD HTTP/1.1", host: "localhost:9192", referrer: "http://localhost:9192/"
2019/02/13 07:56:12 [notice] 6#6: *19 "^/api/" does not match "/socket.io/?EIO=3&transport=websocket&sid=lso1XQT_Nn7-norzAAAC", client: 172.29.0.1, server: , request: "GET /socket.io/?EIO=3&transport=websocket&sid=lso1XQT_Nn7-norzAAAC HTTP/1.1", host: "localhost:9192"
2019/02/13 07:56:12 [notice] 6#6: *23 "^/api/" does not match "/socket.io/?EIO=3&transport=websocket&sid=U3lRjw71KTlZdO8FAAAD", client: 172.29.0.1, server: , request: "GET /socket.io/?EIO=3&transport=websocket&sid=U3lRjw71KTlZdO8FAAAD HTTP/1.1", host: "localhost:9192"
2019/02/13 07:56:24 [notice] 6#6: *1 "^/api/" does not match "/images/manage-icon.jpg", client: 172.29.0.1, server: , request: "GET /images/manage-icon.jpg HTTP/1.1", host: "localhost:9192", referrer: "http://localhost:9192/"
2019/02/13 07:56:36 [notice] 6#6: *1 "^/api/" matches "/api/login", client: 172.29.0.1, server: , request: "POST /api/login HTTP/1.1", host: "localhost:9192", referrer: "http://localhost:9192/"
2019/02/13 07:56:36 [notice] 6#6: *1 "^/api/" matches "/api/login", client: 172.29.0.1, server: , request: "POST /api/login HTTP/1.1", host: "localhost:9192", referrer: "http://localhost:9192/"
2019/02/13 07:56:36 [error] 6#6: *1 connect() failed (111: Connection refused) while connecting to upstream, client: 172.29.0.1, server: , request: "POST /api/login HTTP/1.1", upstream: "fastcgi://172.29.0.5:9001", host: "localhost:9192", referrer: "http://localhost:9192/"
2019/02/13 07:57:16 [notice] 29#29: *26 "^/api/" matches "/api/login", client: 172.29.0.1, server: , request: "POST /api/login HTTP/1.1", host: "localhost:9192", referrer: "http://localhost:9192/"
2019/02/13 07:57:16 [notice] 29#29: *26 "^/api/" matches "/api/login", client: 172.29.0.1, server: , request: "POST /api/login HTTP/1.1", host: "localhost:9192", referrer: "http://localhost:9192/"
2019/02/13 07:57:16 [error] 29#29: *26 connect() failed (111: Connection refused) while connecting to upstream, client: 172.29.0.1, server: , request: "POST /api/login HTTP/1.1", upstream: "fastcgi://172.29.0.5:9001", host: "localhost:9192", referrer: "http://localhost:9192/"
2019/02/13 07:58:02 [notice] 29#29: *29 "^/api/" does not match "/", client: 172.29.0.1, server: , request: "GET / HTTP/1.1", host: "127.0.0.1:9192"
2019/02/13 07:58:02 [notice] 29#29: *29 "^/api/" does not match "/", client: 172.29.0.1, server: , request: "GET / HTTP/1.1", host: "127.0.0.1:9192"
2019/02/13 07:58:14 [notice] 29#29: *29 "^/api/" does not match "/js/app.js?id=c71f92487d39339c3d30", client: 172.29.0.1, server: , request: "GET /js/app.js?id=c71f92487d39339c3d30 HTTP/1.1", host: "127.0.0.1:9192", referrer: "http://127.0.0.1:9192/"
2019/02/13 07:58:14 [notice] 29#29: *33 "^/api/" does not match "/js/block-ui/jquery.blockUI.js?id=73a1435220f33aceff1c", client: 172.29.0.1, server: , request: "GET /js/block-ui/jquery.blockUI.js?id=73a1435220f33aceff1c HTTP/1.1", host: "127.0.0.1:9192", referrer: "http://127.0.0.1:9192/"
2019/02/13 07:58:14 [notice] 29#29: *32 "^/api/" does not match "/js/common/common.js?id=c958a9fa5dbf2cb44b70", client: 172.29.0.1, server: , request: "GET /js/common/common.js?id=c958a9fa5dbf2cb44b70 HTTP/1.1", host: "127.0.0.1:9192", referrer: "http://127.0.0.1:9192/"
2019/02/13 07:58:14 [notice] 29#29: *34 "^/api/" does not match "/css/app.css?id=a7dbb163ca920b765e15", client: 172.29.0.1, server: , request: "GET /css/app.css?id=a7dbb163ca920b765e15 HTTP/1.1", host: "127.0.0.1:9192", referrer: "http://127.0.0.1:9192/"
2019/02/13 07:58:14 [notice] 29#29: *35 "^/api/" does not match "/css/login/login.css?id=82ed46708d39c1ee74d6", client: 172.29.0.1, server: , request: "GET /css/login/login.css?id=82ed46708d39c1ee74d6 HTTP/1.1", host: "127.0.0.1:9192", referrer: "http://127.0.0.1:9192/"
2019/02/13 07:58:14 [notice] 29#29: *31 "^/api/" does not match "/js/user/login.js?id=b8b453a6d291876828a5", client: 172.29.0.1, server: , request: "GET /js/user/login.js?id=b8b453a6d291876828a5 HTTP/1.1", host: "127.0.0.1:9192", referrer: "http://127.0.0.1:9192/"
2019/02/13 07:58:14 [notice] 29#29: *33 "^/api/" does not match "/_debugbar/assets/stylesheets?v=1514120712", client: 172.29.0.1, server: , request: "GET /_debugbar/assets/stylesheets?v=1514120712 HTTP/1.1", host: "127.0.0.1:9192", referrer: "http://127.0.0.1:9192/"
2019/02/13 07:58:14 [notice] 29#29: *33 "^/api/" does not match "/_debugbar/assets/stylesheets?v=1514120712", client: 172.29.0.1, server: , request: "GET /_debugbar/assets/stylesheets?v=1514120712 HTTP/1.1", host: "127.0.0.1:9192", referrer: "http://127.0.0.1:9192/"
2019/02/13 07:58:14 [notice] 29#29: *32 "^/api/" does not match "/images/GTi-logo.png", client: 172.29.0.1, server: , request: "GET /images/GTi-logo.png HTTP/1.1", host: "127.0.0.1:9192", referrer: "http://127.0.0.1:9192/"
2019/02/13 07:58:14 [notice] 29#29: *34 "^/api/" does not match "/captcha/default?nro39x30", client: 172.29.0.1, server: , request: "GET /captcha/default?nro39x30 HTTP/1.1", host: "127.0.0.1:9192", referrer: "http://127.0.0.1:9192/"
2019/02/13 07:58:14 [notice] 29#29: *34 "^/api/" does not match "/captcha/default?nro39x30", client: 172.29.0.1, server: , request: "GET /captcha/default?nro39x30 HTTP/1.1", host: "127.0.0.1:9192", referrer: "http://127.0.0.1:9192/"
2019/02/13 07:58:14 [notice] 29#29: *32 "^/api/" does not match "/_debugbar/assets/javascript?v=1514120712", client: 172.29.0.1, server: , request: "GET /_debugbar/assets/javascript?v=1514120712 HTTP/1.1", host: "127.0.0.1:9192", referrer: "http://127.0.0.1:9192/"
2019/02/13 07:58:14 [notice] 29#29: *32 "^/api/" does not match "/_debugbar/assets/javascript?v=1514120712", client: 172.29.0.1, server: , request: "GET /_debugbar/assets/javascript?v=1514120712 HTTP/1.1", host: "127.0.0.1:9192", referrer: "http://127.0.0.1:9192/"
2019/02/13 07:58:14 [notice] 29#29: *29 "^/api/" does not match "/socket.io/?EIO=3&transport=polling&t=MZbtGZV", client: 172.29.0.1, server: , request: "GET /socket.io/?EIO=3&transport=polling&t=MZbtGZV HTTP/1.1", host: "127.0.0.1:9192", referrer: "http://127.0.0.1:9192/"
2019/02/13 07:58:14 [notice] 29#29: *31 "^/api/" does not match "/socket.io/?EIO=3&transport=polling&t=MZbtGZb", client: 172.29.0.1, server: , request: "GET /socket.io/?EIO=3&transport=polling&t=MZbtGZb HTTP/1.1", host: "127.0.0.1:9192", referrer: "http://127.0.0.1:9192/"
2019/02/13 07:58:15 [notice] 29#29: *41 "^/api/" does not match "/socket.io/?EIO=3&transport=websocket&sid=VauaBWVuQKmOOESvAAAE", client: 172.29.0.1, server: , request: "GET /socket.io/?EIO=3&transport=websocket&sid=VauaBWVuQKmOOESvAAAE HTTP/1.1", host: "127.0.0.1:9192"
2019/02/13 07:58:15 [notice] 29#29: *31 "^/api/" does not match "/socket.io/?EIO=3&transport=polling&t=MZbtGg7&sid=VauaBWVuQKmOOESvAAAE", client: 172.29.0.1, server: , request: "GET /socket.io/?EIO=3&transport=polling&t=MZbtGg7&sid=VauaBWVuQKmOOESvAAAE HTTP/1.1", host: "127.0.0.1:9192", referrer: "http://127.0.0.1:9192/"
2019/02/13 07:58:15 [notice] 29#29: *29 "^/api/" does not match "/socket.io/?EIO=3&transport=polling&t=MZbtGga&sid=VKquS6TjSyipi50-AAAF", client: 172.29.0.1, server: , request: "GET /socket.io/?EIO=3&transport=polling&t=MZbtGga&sid=VKquS6TjSyipi50-AAAF HTTP/1.1", host: "127.0.0.1:9192", referrer: "http://127.0.0.1:9192/"
2019/02/13 07:58:15 [notice] 28#28: *44 "^/api/" does not match "/socket.io/?EIO=3&transport=websocket&sid=VKquS6TjSyipi50-AAAF", client: 172.29.0.1, server: , request: "GET /socket.io/?EIO=3&transport=websocket&sid=VKquS6TjSyipi50-AAAF HTTP/1.1", host: "127.0.0.1:9192"
2019/02/13 07:58:36 [warn] 29#29: *32 an upstream response is buffered to a temporary file /var/cache/nginx/fastcgi_temp/1/00/0000000001 while reading upstream, client: 172.29.0.1, server: , request: "GET /_debugbar/assets/javascript?v=1514120712 HTTP/1.1", upstream: "fastcgi://172.29.0.5:9000", host: "127.0.0.1:9192", referrer: "http://127.0.0.1:9192/"
2019/02/13 07:58:38 [notice] 29#29: *34 "^/api/" does not match "/images/manage-icon.jpg", client: 172.29.0.1, server: , request: "GET /images/manage-icon.jpg HTTP/1.1", host: "127.0.0.1:9192", referrer: "http://127.0.0.1:9192/"
2019/02/13 07:58:41 [notice] 29#29: *34 "^/api/" matches "/api/login", client: 172.29.0.1, server: , request: "POST /api/login HTTP/1.1", host: "127.0.0.1:9192", referrer: "http://127.0.0.1:9192/"
2019/02/13 07:58:41 [notice] 29#29: *34 "^/api/" matches "/api/login", client: 172.29.0.1, server: , request: "POST /api/login HTTP/1.1", host: "127.0.0.1:9192", referrer: "http://127.0.0.1:9192/"
2019/02/13 07:58:41 [error] 29#29: *34 connect() failed (111: Connection refused) while connecting to upstream, client: 172.29.0.1, server: , request: "POST /api/login HTTP/1.1", upstream: "fastcgi://172.29.0.5:9001", host: "127.0.0.1:9192", referrer: "http://127.0.0.1:9192/"
2019/02/13 08:07:59 [notice] 7#7: *1 "^/api/" does not match "/socket.io/?EIO=3&transport=polling&t=MZbvVC1", client: 172.29.0.1, server: , request: "GET /socket.io/?EIO=3&transport=polling&t=MZbvVC1 HTTP/1.1", host: "127.0.0.1:9192", referrer: "http://127.0.0.1:9192/"
2019/02/13 08:07:59 [notice] 7#7: *2 "^/api/" does not match "/socket.io/?EIO=3&transport=polling&t=MZbvVC5", client: 172.29.0.1, server: , request: "GET /socket.io/?EIO=3&transport=polling&t=MZbvVC5 HTTP/1.1", host: "127.0.0.1:9192", referrer: "http://127.0.0.1:9192/"
2019/02/13 08:07:59 [error] 7#7: *1 connect() failed (111: Connection refused) while connecting to upstream, client: 172.29.0.1, server: , request: "GET /socket.io/?EIO=3&transport=polling&t=MZbvVC1 HTTP/1.1", upstream: "http://172.29.0.2:6001/socket.io/?EIO=3&transport=polling&t=MZbvVC1", host: "127.0.0.1:9192", referrer: "http://127.0.0.1:9192/"
2019/02/13 08:07:59 [error] 7#7: *2 connect() failed (111: Connection refused) while connecting to upstream, client: 172.29.0.1, server: , request: "GET /socket.io/?EIO=3&transport=polling&t=MZbvVC5 HTTP/1.1", upstream: "http://172.29.0.2:6001/socket.io/?EIO=3&transport=polling&t=MZbvVC5", host: "127.0.0.1:9192", referrer: "http://127.0.0.1:9192/"
2019/02/13 08:08:03 [notice] 7#7: *2 "^/api/" does not match "/socket.io/?EIO=3&transport=polling&t=MZbvWB7", client: 172.29.0.1, server: , request: "GET /socket.io/?EIO=3&transport=polling&t=MZbvWB7 HTTP/1.1", host: "127.0.0.1:9192", referrer: "http://127.0.0.1:9192/"
2019/02/13 08:08:03 [notice] 7#7: *2 "^/api/" does not match "/socket.io/?EIO=3&transport=polling&t=MZbvWBx&sid=mpBKtVLfV5xiNmwvAAAA", client: 172.29.0.1, server: , request: "GET /socket.io/?EIO=3&transport=polling&t=MZbvWBx&sid=mpBKtVLfV5xiNmwvAAAA HTTP/1.1", host: "127.0.0.1:9192", referrer: "http://127.0.0.1:9192/"
2019/02/13 08:08:03 [notice] 6#6: *6 "^/api/" does not match "/socket.io/?EIO=3&transport=websocket&sid=mpBKtVLfV5xiNmwvAAAA", client: 172.29.0.1, server: , request: "GET /socket.io/?EIO=3&transport=websocket&sid=mpBKtVLfV5xiNmwvAAAA HTTP/1.1", host: "127.0.0.1:9192"
2019/02/13 08:08:04 [notice] 7#7: *2 "^/api/" does not match "/socket.io/?EIO=3&transport=polling&t=MZbvWTO", client: 172.29.0.1, server: , request: "GET /socket.io/?EIO=3&transport=polling&t=MZbvWTO HTTP/1.1", host: "127.0.0.1:9192", referrer: "http://127.0.0.1:9192/"
2019/02/13 08:08:04 [notice] 6#6: *10 "^/api/" does not match "/socket.io/?EIO=3&transport=websocket&sid=EMo2CJ40ADBL4enJAAAB", client: 172.29.0.1, server: , request: "GET /socket.io/?EIO=3&transport=websocket&sid=EMo2CJ40ADBL4enJAAAB HTTP/1.1", host: "127.0.0.1:9192"
2019/02/13 08:08:04 [notice] 7#7: *2 "^/api/" does not match "/socket.io/?EIO=3&transport=polling&t=MZbvWTx&sid=EMo2CJ40ADBL4enJAAAB", client: 172.29.0.1, server: , request: "POST /socket.io/?EIO=3&transport=polling&t=MZbvWTx&sid=EMo2CJ40ADBL4enJAAAB HTTP/1.1", host: "127.0.0.1:9192", referrer: "http://127.0.0.1:9192/"
2019/02/13 08:08:04 [notice] 7#7: *1 "^/api/" does not match "/socket.io/?EIO=3&transport=polling&t=MZbvWTy&sid=EMo2CJ40ADBL4enJAAAB", client: 172.29.0.1, server: , request: "GET /socket.io/?EIO=3&transport=polling&t=MZbvWTy&sid=EMo2CJ40ADBL4enJAAAB HTTP/1.1", host: "127.0.0.1:9192", referrer: "http://127.0.0.1:9192/"
2019/02/13 08:08:11 [notice] 7#7: *1 "^/api/" does not match "/", client: 172.29.0.1, server: , request: "GET / HTTP/1.1", host: "127.0.0.1:9192"
2019/02/13 08:08:11 [notice] 7#7: *1 "^/api/" does not match "/", client: 172.29.0.1, server: , request: "GET / HTTP/1.1", host: "127.0.0.1:9192"
2019/02/13 08:08:25 [notice] 7#7: *1 "^/api/" does not match "/captcha/default?GRE8eUOY", client: 172.29.0.1, server: , request: "GET /captcha/default?GRE8eUOY HTTP/1.1", host: "127.0.0.1:9192", referrer: "http://127.0.0.1:9192/"
2019/02/13 08:08:25 [notice] 7#7: *1 "^/api/" does not match "/captcha/default?GRE8eUOY", client: 172.29.0.1, server: , request: "GET /captcha/default?GRE8eUOY HTTP/1.1", host: "127.0.0.1:9192", referrer: "http://127.0.0.1:9192/"
2019/02/13 08:08:25 [notice] 7#7: *2 "^/api/" does not match "/socket.io/?EIO=3&transport=polling&t=MZbvbjo", client: 172.29.0.1, server: , request: "GET /socket.io/?EIO=3&transport=polling&t=MZbvbjo HTTP/1.1", host: "127.0.0.1:9192", referrer: "http://127.0.0.1:9192/"
2019/02/13 08:08:25 [notice] 7#7: *17 "^/api/" does not match "/socket.io/?EIO=3&transport=polling&t=MZbvbjv", client: 172.29.0.1, server: , request: "GET /socket.io/?EIO=3&transport=polling&t=MZbvbjv HTTP/1.1", host: "127.0.0.1:9192", referrer: "http://127.0.0.1:9192/"
2019/02/13 08:08:26 [notice] 7#7: *17 "^/api/" does not match "/socket.io/?EIO=3&transport=polling&t=MZbvbrf&sid=5Jwc1H9fvN_7JUILAAAC", client: 172.29.0.1, server: , request: "GET /socket.io/?EIO=3&transport=polling&t=MZbvbrf&sid=5Jwc1H9fvN_7JUILAAAC HTTP/1.1", host: "127.0.0.1:9192", referrer: "http://127.0.0.1:9192/"
2019/02/13 08:08:26 [notice] 7#7: *2 "^/api/" does not match "/socket.io/?EIO=3&transport=polling&t=MZbvbrn&sid=Q_oN2kLvwa45alY0AAAD", client: 172.29.0.1, server: , request: "GET /socket.io/?EIO=3&transport=polling&t=MZbvbrn&sid=Q_oN2kLvwa45alY0AAAD HTTP/1.1", host: "127.0.0.1:9192", referrer: "http://127.0.0.1:9192/"
2019/02/13 08:08:26 [notice] 7#7: *19 "^/api/" does not match "/socket.io/?EIO=3&transport=websocket&sid=5Jwc1H9fvN_7JUILAAAC", client: 172.29.0.1, server: , request: "GET /socket.io/?EIO=3&transport=websocket&sid=5Jwc1H9fvN_7JUILAAAC HTTP/1.1", host: "127.0.0.1:9192"
2019/02/13 08:08:26 [notice] 7#7: *23 "^/api/" does not match "/socket.io/?EIO=3&transport=websocket&sid=Q_oN2kLvwa45alY0AAAD", client: 172.29.0.1, server: , request: "GET /socket.io/?EIO=3&transport=websocket&sid=Q_oN2kLvwa45alY0AAAD HTTP/1.1", host: "127.0.0.1:9192"
2019/02/13 08:08:37 [notice] 7#7: *1 "^/api/" does not match "/images/manage-icon.jpg", client: 172.29.0.1, server: , request: "GET /images/manage-icon.jpg HTTP/1.1", host: "127.0.0.1:9192", referrer: "http://127.0.0.1:9192/"
2019/02/13 08:08:38 [notice] 7#7: *1 "^/api/" matches "/api/login", client: 172.29.0.1, server: , request: "POST /api/login HTTP/1.1", host: "127.0.0.1:9192", referrer: "http://127.0.0.1:9192/"
2019/02/13 08:08:38 [notice] 7#7: *1 "^/api/" matches "/api/login", client: 172.29.0.1, server: , request: "POST /api/login HTTP/1.1", host: "127.0.0.1:9192", referrer: "http://127.0.0.1:9192/"
2019/02/13 08:08:52 [notice] 7#7: *1 "^/api/" does not match "/_debugbar/open?op=get&id=Xa8c935424deeb0c26ee54db76d9af39b", client: 172.29.0.1, server: , request: "GET /_debugbar/open?op=get&id=Xa8c935424deeb0c26ee54db76d9af39b HTTP/1.1", host: "127.0.0.1:9192", referrer: "http://127.0.0.1:9192/"
2019/02/13 08:08:52 [notice] 7#7: *1 "^/api/" does not match "/_debugbar/open?op=get&id=Xa8c935424deeb0c26ee54db76d9af39b", client: 172.29.0.1, server: , request: "GET /_debugbar/open?op=get&id=Xa8c935424deeb0c26ee54db76d9af39b HTTP/1.1", host: "127.0.0.1:9192", referrer: "http://127.0.0.1:9192/"
2019/02/13 08:08:52 [notice] 7#7: *2 "^/api/" does not match "/captcha/default?0.6143270538459102", client: 172.29.0.1, server: , request: "GET /captcha/default?0.6143270538459102 HTTP/1.1", host: "127.0.0.1:9192", referrer: "http://127.0.0.1:9192/"
2019/02/13 08:08:52 [notice] 7#7: *2 "^/api/" does not match "/captcha/default?0.6143270538459102", client: 172.29.0.1, server: , request: "GET /captcha/default?0.6143270538459102 HTTP/1.1", host: "127.0.0.1:9192", referrer: "http://127.0.0.1:9192/"
2019/02/13 08:09:19 [notice] 7#7: *2 "^/api/" matches "/api/login", client: 172.29.0.1, server: , request: "POST /api/login HTTP/1.1", host: "127.0.0.1:9192", referrer: "http://127.0.0.1:9192/"
2019/02/13 08:09:19 [notice] 7#7: *2 "^/api/" matches "/api/login", client: 172.29.0.1, server: , request: "POST /api/login HTTP/1.1", host: "127.0.0.1:9192", referrer: "http://127.0.0.1:9192/"
2019/02/13 08:09:34 [notice] 7#7: *2 "^/api/" does not match "/_debugbar/open?op=get&id=X20d36ab0253f6afaae45b4e8bdfd21ba", client: 172.29.0.1, server: , request: "GET /_debugbar/open?op=get&id=X20d36ab0253f6afaae45b4e8bdfd21ba HTTP/1.1", host: "127.0.0.1:9192", referrer: "http://127.0.0.1:9192/"
2019/02/13 08:09:34 [notice] 7#7: *2 "^/api/" does not match "/_debugbar/open?op=get&id=X20d36ab0253f6afaae45b4e8bdfd21ba", client: 172.29.0.1, server: , request: "GET /_debugbar/open?op=get&id=X20d36ab0253f6afaae45b4e8bdfd21ba HTTP/1.1", host: "127.0.0.1:9192", referrer: "http://127.0.0.1:9192/"
2019/02/13 08:09:34 [notice] 7#7: *1 "^/api/" does not match "/current_user_info", client: 172.29.0.1, server: , request: "GET /current_user_info HTTP/1.1", host: "127.0.0.1:9192", referrer: "http://127.0.0.1:9192/"
2019/02/13 08:09:34 [notice] 7#7: *1 "^/api/" does not match "/current_user_info", client: 172.29.0.1, server: , request: "GET /current_user_info HTTP/1.1", host: "127.0.0.1:9192", referrer: "http://127.0.0.1:9192/"
2019/02/13 08:09:52 [notice] 6#6: *31 "^/api/" does not match "/js/bootstrap-tagsinput/bootstrap-tagsinput.js?id=9d43ec6292d9d22ae134", client: 172.29.0.1, server: , request: "GET /js/bootstrap-tagsinput/bootstrap-tagsinput.js?id=9d43ec6292d9d22ae134 HTTP/1.1", host: "127.0.0.1:9192", referrer: "http://127.0.0.1:9192/current_user_info"
2019/02/13 08:09:52 [notice] 7#7: *1 "^/api/" does not match "/js/idle.js?id=3bd703cb0a58453426d8", client: 172.29.0.1, server: , request: "GET /js/idle.js?id=3bd703cb0a58453426d8 HTTP/1.1", host: "127.0.0.1:9192", referrer: "http://127.0.0.1:9192/current_user_info"
2019/02/13 08:09:52 [notice] 7#7: *2 "^/api/" does not match "/js/bootstrap-dialog/bootstrap-dialog.min.js?id=ea4f5e2b205d3e9dd8bc", client: 172.29.0.1, server: , request: "GET /js/bootstrap-dialog/bootstrap-dialog.min.js?id=ea4f5e2b205d3e9dd8bc HTTP/1.1", host: "127.0.0.1:9192", referrer: "http://127.0.0.1:9192/current_user_info"
2019/02/13 08:09:52 [notice] 7#7: *17 "^/api/" does not match "/css/bootstrap-dialog/bootstrap-dialog.min.css?id=58dabb2f2003ad8d458e", client: 172.29.0.1, server: , request: "GET /css/bootstrap-dialog/bootstrap-dialog.min.css?id=58dabb2f2003ad8d458e HTTP/1.1", host: "127.0.0.1:9192", referrer: "http://127.0.0.1:9192/current_user_info"
2019/02/13 08:09:52 [notice] 6#6: *32 "^/api/" does not match "/css/bootstrap-tagsinput/bootstrap-tagsinput.css?id=01a1887ade863ef0e094", client: 172.29.0.1, server: , request: "GET /css/bootstrap-tagsinput/bootstrap-tagsinput.css?id=01a1887ade863ef0e094 HTTP/1.1", host: "127.0.0.1:9192", referrer: "http://127.0.0.1:9192/current_user_info"
2019/02/13 08:09:52 [notice] 7#7: *1 "^/api/" does not match "/socket.io/?EIO=3&transport=polling&t=MZbvwuT", client: 172.29.0.1, server: , request: "GET /socket.io/?EIO=3&transport=polling&t=MZbvwuT HTTP/1.1", host: "127.0.0.1:9192", referrer: "http://127.0.0.1:9192/current_user_info"
2019/02/13 08:09:52 [notice] 7#7: *1 "^/api/" does not match "/socket.io/?EIO=3&transport=polling&t=MZbvwxz&sid=TIBytgSjSatlsm92AAAE", client: 172.29.0.1, server: , request: "GET /socket.io/?EIO=3&transport=polling&t=MZbvwxz&sid=TIBytgSjSatlsm92AAAE HTTP/1.1", host: "127.0.0.1:9192", referrer: "http://127.0.0.1:9192/current_user_info"
2019/02/13 08:09:52 [notice] 7#7: *35 "^/api/" does not match "/socket.io/?EIO=3&transport=websocket&sid=TIBytgSjSatlsm92AAAE", client: 172.29.0.1, server: , request: "GET /socket.io/?EIO=3&transport=websocket&sid=TIBytgSjSatlsm92AAAE HTTP/1.1", host: "127.0.0.1:9192"
2019/02/13 08:09:52 [notice] 6#6: *33 "^/api/" does not match "/js/current_user_info/admin/index.js?id=ac1e8021b4add2729bfb", client: 172.29.0.1, server: , request: "GET /js/current_user_info/admin/index.js?id=ac1e8021b4add2729bfb HTTP/1.1", host: "127.0.0.1:9192", referrer: "http://127.0.0.1:9192/current_user_info"
2019/02/13 08:09:52 [notice] 6#6: *31 "^/api/" does not match "/socket.io/?EIO=3&transport=polling&t=MZbvwuR", client: 172.29.0.1, server: , request: "GET /socket.io/?EIO=3&transport=polling&t=MZbvwuR HTTP/1.1", host: "127.0.0.1:9192", referrer: "http://127.0.0.1:9192/current_user_info"
2019/02/13 08:09:53 [notice] 7#7: *39 "^/api/" does not match "/socket.io/?EIO=3&transport=websocket&sid=hbwSMYtcD7ZwwzzOAAAF", client: 172.29.0.1, server: , request: "GET /socket.io/?EIO=3&transport=websocket&sid=hbwSMYtcD7ZwwzzOAAAF HTTP/1.1", host: "127.0.0.1:9192"
2019/02/13 08:09:53 [notice] 7#7: *1 "^/api/" does not match "/socket.io/?EIO=3&transport=polling&t=MZbvx3r&sid=hbwSMYtcD7ZwwzzOAAAF", client: 172.29.0.1, server: , request: "GET /socket.io/?EIO=3&transport=polling&t=MZbvx3r&sid=hbwSMYtcD7ZwwzzOAAAF HTTP/1.1", host: "127.0.0.1:9192", referrer: "http://127.0.0.1:9192/current_user_info"
2019/02/13 08:09:53 [notice] 7#7: *1 "^/api/" matches "/api/get_time_zone", client: 172.29.0.1, server: , request: "POST /api/get_time_zone HTTP/1.1", host: "127.0.0.1:9192", referrer: "http://127.0.0.1:9192/current_user_info"
2019/02/13 08:09:53 [notice] 7#7: *1 "^/api/" matches "/api/get_time_zone", client: 172.29.0.1, server: , request: "POST /api/get_time_zone HTTP/1.1", host: "127.0.0.1:9192", referrer: "http://127.0.0.1:9192/current_user_info"
2019/02/13 08:10:08 [notice] 7#7: *1 "^/api/" does not match "/_debugbar/open?op=get&id=X06dd70ee870e3d92a111bd03a5b9d150", client: 172.29.0.1, server: , request: "GET /_debugbar/open?op=get&id=X06dd70ee870e3d92a111bd03a5b9d150 HTTP/1.1", host: "127.0.0.1:9192", referrer: "http://127.0.0.1:9192/current_user_info"
2019/02/13 08:10:08 [notice] 7#7: *1 "^/api/" does not match "/_debugbar/open?op=get&id=X06dd70ee870e3d92a111bd03a5b9d150", client: 172.29.0.1, server: , request: "GET /_debugbar/open?op=get&id=X06dd70ee870e3d92a111bd03a5b9d150 HTTP/1.1", host: "127.0.0.1:9192", referrer: "http://127.0.0.1:9192/current_user_info"
2019/02/13 08:10:12 [notice] 6#6: *31 "^/api/" does not match "/gamebet/list", client: 172.29.0.1, server: , request: "GET /gamebet/list HTTP/1.1", host: "127.0.0.1:9192", referrer: "http://127.0.0.1:9192/current_user_info"
2019/02/13 08:10:12 [notice] 6#6: *31 "^/api/" does not match "/gamebet/list", client: 172.29.0.1, server: , request: "GET /gamebet/list HTTP/1.1", host: "127.0.0.1:9192", referrer: "http://127.0.0.1:9192/current_user_info"
2019/02/13 08:10:30 [notice] 7#7: *2 "^/api/" does not match "/css/bootstrap-select/bootstrap-select.min.css?id=7551bdcaa335fbd51d4c", client: 172.29.0.1, server: , request: "GET /css/bootstrap-select/bootstrap-select.min.css?id=7551bdcaa335fbd51d4c HTTP/1.1", host: "127.0.0.1:9192", referrer: "http://127.0.0.1:9192/gamebet/list"
2019/02/13 08:10:30 [notice] 6#6: *33 "^/api/" does not match "/js/bootstrap-daterangepicker/moment.min.js?id=88dc09fa98a57f0e9e92", client: 172.29.0.1, server: , request: "GET /js/bootstrap-daterangepicker/moment.min.js?id=88dc09fa98a57f0e9e92 HTTP/1.1", host: "127.0.0.1:9192", referrer: "http://127.0.0.1:9192/gamebet/list"
2019/02/13 08:10:30 [notice] 6#6: *32 "^/api/" does not match "/js/bootstrap-daterangepicker/daterangepicker.js?id=414394ce730b22fc3cbd", client: 172.29.0.1, server: , request: "GET /js/bootstrap-daterangepicker/daterangepicker.js?id=414394ce730b22fc3cbd HTTP/1.1", host: "127.0.0.1:9192", referrer: "http://127.0.0.1:9192/gamebet/list"
2019/02/13 08:10:30 [notice] 7#7: *1 "^/api/" does not match "/css/bootstrap-daterangepicker/daterangepicker.css?id=b57cd7693581de2d51da", client: 172.29.0.1, server: , request: "GET /css/bootstrap-daterangepicker/daterangepicker.css?id=b57cd7693581de2d51da HTTP/1.1", host: "127.0.0.1:9192", referrer: "http://127.0.0.1:9192/gamebet/list"
2019/02/13 08:10:30 [notice] 6#6: *31 "^/api/" does not match "/js/bootpag/lib/jquery.bootpag.js?id=dd5de0d3f90350a77055", client: 172.29.0.1, server: , request: "GET /js/bootpag/lib/jquery.bootpag.js?id=dd5de0d3f90350a77055 HTTP/1.1", host: "127.0.0.1:9192", referrer: "http://127.0.0.1:9192/gamebet/list"
2019/02/13 08:10:30 [notice] 7#7: *17 "^/api/" does not match "/js/bootstrap-select/bootstrap-select.min.js?id=4e7de56c1824c8189e10", client: 172.29.0.1, server: , request: "GET /js/bootstrap-select/bootstrap-select.min.js?id=4e7de56c1824c8189e10 HTTP/1.1", host: "127.0.0.1:9192", referrer: "http://127.0.0.1:9192/gamebet/list"
2019/02/13 08:10:30 [notice] 6#6: *33 "^/api/" does not match "/js/common/category_rule.js?id=5a13fdf931af7e4f9c1d", client: 172.29.0.1, server: , request: "GET /js/common/category_rule.js?id=5a13fdf931af7e4f9c1d HTTP/1.1", host: "127.0.0.1:9192", referrer: "http://127.0.0.1:9192/gamebet/list"
2019/02/13 08:10:30 [notice] 7#7: *2 "^/api/" does not match "/js/game_bet/index.js?id=867f2936539fed502a79", client: 172.29.0.1, server: , request: "GET /js/game_bet/index.js?id=867f2936539fed502a79 HTTP/1.1", host: "127.0.0.1:9192", referrer: "http://127.0.0.1:9192/gamebet/list"
2019/02/13 08:10:30 [notice] 6#6: *32 "^/api/" does not match "/socket.io/?EIO=3&transport=polling&t=MZbw47d", client: 172.29.0.1, server: , request: "GET /socket.io/?EIO=3&transport=polling&t=MZbw47d HTTP/1.1", host: "127.0.0.1:9192", referrer: "http://127.0.0.1:9192/gamebet/list"
2019/02/13 08:10:30 [notice] 7#7: *1 "^/api/" does not match "/socket.io/?EIO=3&transport=polling&t=MZbw47l", client: 172.29.0.1, server: , request: "GET /socket.io/?EIO=3&transport=polling&t=MZbw47l HTTP/1.1", host: "127.0.0.1:9192", referrer: "http://127.0.0.1:9192/gamebet/list"
2019/02/13 08:10:30 [notice] 7#7: *17 "^/api/" does not match "/js/bootstrap-select/bootstrap-select.js.map", client: 172.29.0.1, server: , request: "GET /js/bootstrap-select/bootstrap-select.js.map HTTP/1.1", host: "127.0.0.1:9192"
2019/02/13 08:10:30 [notice] 7#7: *17 "^/api/" does not match "/js/bootstrap-select/bootstrap-select.js.map", client: 172.29.0.1, server: , request: "GET /js/bootstrap-select/bootstrap-select.js.map HTTP/1.1", host: "127.0.0.1:9192"
2019/02/13 08:10:30 [notice] 7#7: *1 "^/api/" does not match "/socket.io/?EIO=3&transport=polling&t=MZbw4Gh&sid=dTjNRquIbxGHW4AOAAAG", client: 172.29.0.1, server: , request: "GET /socket.io/?EIO=3&transport=polling&t=MZbw4Gh&sid=dTjNRquIbxGHW4AOAAAG HTTP/1.1", host: "127.0.0.1:9192", referrer: "http://127.0.0.1:9192/gamebet/list"
2019/02/13 08:10:30 [notice] 7#7: *48 "^/api/" does not match "/socket.io/?EIO=3&transport=websocket&sid=dTjNRquIbxGHW4AOAAAG", client: 172.29.0.1, server: , request: "GET /socket.io/?EIO=3&transport=websocket&sid=dTjNRquIbxGHW4AOAAAG HTTP/1.1", host: "127.0.0.1:9192"
2019/02/13 08:10:31 [notice] 6#6: *32 "^/api/" does not match "/socket.io/?EIO=3&transport=polling&t=MZbw4Kw&sid=VNZprdup14cN7x5mAAAH", client: 172.29.0.1, server: , request: "GET /socket.io/?EIO=3&transport=polling&t=MZbw4Kw&sid=VNZprdup14cN7x5mAAAH HTTP/1.1", host: "127.0.0.1:9192", referrer: "http://127.0.0.1:9192/gamebet/list"
2019/02/13 08:10:31 [notice] 7#7: *51 "^/api/" does not match "/socket.io/?EIO=3&transport=websocket&sid=VNZprdup14cN7x5mAAAH", client: 172.29.0.1, server: , request: "GET /socket.io/?EIO=3&transport=websocket&sid=VNZprdup14cN7x5mAAAH HTTP/1.1", host: "127.0.0.1:9192"
2019/02/13 08:10:31 [notice] 7#7: *1 "^/api/" does not match "/socket.io/?EIO=3&transport=polling&t=MZbw4Nl&sid=VNZprdup14cN7x5mAAAH", client: 172.29.0.1, server: , request: "POST /socket.io/?EIO=3&transport=polling&t=MZbw4Nl&sid=VNZprdup14cN7x5mAAAH HTTP/1.1", host: "127.0.0.1:9192", referrer: "http://127.0.0.1:9192/gamebet/list"
2019/02/13 08:10:31 [notice] 7#7: *1 "^/api/" matches "/api/get_time_zone", client: 172.29.0.1, server: , request: "POST /api/get_time_zone HTTP/1.1", host: "127.0.0.1:9192", referrer: "http://127.0.0.1:9192/gamebet/list"
2019/02/13 08:10:31 [notice] 7#7: *1 "^/api/" matches "/api/get_time_zone", client: 172.29.0.1, server: , request: "POST /api/get_time_zone HTTP/1.1", host: "127.0.0.1:9192", referrer: "http://127.0.0.1:9192/gamebet/list"
2019/02/13 08:10:31 [notice] 7#7: *2 "^/api/" matches "/api/game/classify", client: 172.29.0.1, server: , request: "POST /api/game/classify HTTP/1.1", host: "127.0.0.1:9192", referrer: "http://127.0.0.1:9192/gamebet/list"
2019/02/13 08:10:31 [notice] 7#7: *2 "^/api/" matches "/api/game/classify", client: 172.29.0.1, server: , request: "POST /api/game/classify HTTP/1.1", host: "127.0.0.1:9192", referrer: "http://127.0.0.1:9192/gamebet/list"
2019/02/13 08:10:54 [notice] 7#7: *1 "^/api/" does not match "/_debugbar/open?op=get&id=Xe571f50d5ad30363a969ca48e15f12c5", client: 172.29.0.1, server: , request: "GET /_debugbar/open?op=get&id=Xe571f50d5ad30363a969ca48e15f12c5 HTTP/1.1", host: "127.0.0.1:9192", referrer: "http://127.0.0.1:9192/gamebet/list"
2019/02/13 08:10:54 [notice] 7#7: *1 "^/api/" does not match "/_debugbar/open?op=get&id=Xe571f50d5ad30363a969ca48e15f12c5", client: 172.29.0.1, server: , request: "GET /_debugbar/open?op=get&id=Xe571f50d5ad30363a969ca48e15f12c5 HTTP/1.1", host: "127.0.0.1:9192", referrer: "http://127.0.0.1:9192/gamebet/list"
2019/02/13 08:10:55 [notice] 7#7: *2 "^/api/" does not match "/_debugbar/open?op=get&id=X3d0445ecec1f1fc8021a486d04879ca2", client: 172.29.0.1, server: , request: "GET /_debugbar/open?op=get&id=X3d0445ecec1f1fc8021a486d04879ca2 HTTP/1.1", host: "127.0.0.1:9192", referrer: "http://127.0.0.1:9192/gamebet/list"
2019/02/13 08:10:55 [notice] 7#7: *2 "^/api/" does not match "/_debugbar/open?op=get&id=X3d0445ecec1f1fc8021a486d04879ca2", client: 172.29.0.1, server: , request: "GET /_debugbar/open?op=get&id=X3d0445ecec1f1fc8021a486d04879ca2 HTTP/1.1", host: "127.0.0.1:9192", referrer: "http://127.0.0.1:9192/gamebet/list"
2019/02/13 08:11:36 [notice] 7#7: *2 "^/api/" matches "/api/gamebet/search", client: 172.29.0.1, server: , request: "POST /api/gamebet/search HTTP/1.1", host: "127.0.0.1:9192", referrer: "http://127.0.0.1:9192/gamebet/list"
2019/02/13 08:11:36 [notice] 7#7: *2 "^/api/" matches "/api/gamebet/search", client: 172.29.0.1, server: , request: "POST /api/gamebet/search HTTP/1.1", host: "127.0.0.1:9192", referrer: "http://127.0.0.1:9192/gamebet/list"
2019/02/13 08:11:55 [notice] 7#7: *2 "^/api/" does not match "/_debugbar/open?op=get&id=X039f0e2cb06650c7d597ba79103f2201", client: 172.29.0.1, server: , request: "GET /_debugbar/open?op=get&id=X039f0e2cb06650c7d597ba79103f2201 HTTP/1.1", host: "127.0.0.1:9192", referrer: "http://127.0.0.1:9192/gamebet/list"
2019/02/13 08:11:55 [notice] 7#7: *2 "^/api/" does not match "/_debugbar/open?op=get&id=X039f0e2cb06650c7d597ba79103f2201", client: 172.29.0.1, server: , request: "GET /_debugbar/open?op=get&id=X039f0e2cb06650c7d597ba79103f2201 HTTP/1.1", host: "127.0.0.1:9192", referrer: "http://127.0.0.1:9192/gamebet/list"
2019/02/13 08:12:31 [notice] 6#6: *1 "^/api/" does not match "/socket.io/?EIO=3&transport=polling&t=MZbwWuD", client: 172.29.0.1, server: , request: "GET /socket.io/?EIO=3&transport=polling&t=MZbwWuD HTTP/1.1", host: "127.0.0.1:9192", referrer: "http://127.0.0.1:9192/gamebet/list"
2019/02/13 08:12:31 [notice] 7#7: *3 "^/api/" does not match "/socket.io/?EIO=3&transport=websocket&sid=cQtPOlgd6HqqmXmVAAAA", client: 172.29.0.1, server: , request: "GET /socket.io/?EIO=3&transport=websocket&sid=cQtPOlgd6HqqmXmVAAAA HTTP/1.1", host: "127.0.0.1:9192"
